2026-08-08 08:39:03.213 +07:00 [ERR] [AS400 Polling] Exception for WC UCFCH.
System.Threading.Tasks.TaskCanceledException: A task was canceled.
   at As400ScanPollingService.PollOnceAsync(IServiceScope scope, CancellationToken token) in C:\Users\logtran\OneDrive - Ashley Furniture Industries, Inc\1. Project\logtran\1. Project\CI Project\4.OrderTrackingWeb\Program.cs:line 4406
2026-08-08 12:39:32.405 +07:00 [ERR] [AS400 Polling] Exception for WC UBF04.
System.Data.Odbc.OdbcException (0x80131937): ERROR [08S01] [IBM][System i Access ODBC Driver]Communication link failure. comm rc=10053 - CWBCO1003 - Sockets error, function  returned 10053, WFVNPROD.ASHLEYFURNITURE.COM
   at System.Data.ProviderBase.DbConnectionFactory.TryGetConnection(DbConnection owningConnection, TaskCompletionSource`1 retry, DbConnectionOptions userOptions, DbConnectionInternal oldConnection, DbConnectionInternal& connection)
   at System.Data.ProviderBase.DbConnectionInternal.TryOpenConnectionInternal(DbConnection outerConnection, DbConnectionFactory connectionFactory, TaskCompletionSource`1 retry, DbConnectionOptions userOptions)
   at System.Data.Odbc.OdbcConnection.Open()
   at System.Data.Common.DbConnection.OpenAsync(CancellationToken cancellationToken)
--- End of stack trace from previous location ---
   at As400ScanPollingService.PollOnceAsync(IServiceScope scope, CancellationToken token) in C:\Users\logtran\OneDrive - Ashley Furniture Industries, Inc\1. Project\logtran\1. Project\CI Project\4.OrderTrackingWeb\Program.cs:line 4471
2026-08-08 12:39:33.367 +07:00 [ERR] [AS400 Polling] Exception for WC UBF05.
System.Data.Odbc.OdbcException (0x80131937): ERROR [08S01] [IBM][System i Access ODBC Driver]Communication link failure. comm rc=11001 - CWBCO1004 - Remote address could not be resolved
   at System.Data.ProviderBase.DbConnectionFactory.TryGetConnection(DbConnection owningConnection, TaskCompletionSource`1 retry, DbConnectionOptions userOptions, DbConnectionInternal oldConnection, DbConnectionInternal& connection)
   at System.Data.ProviderBase.DbConnectionInternal.TryOpenConnectionInternal(DbConnection outerConnection, DbConnectionFactory connectionFactory, TaskCompletionSource`1 retry, DbConnectionOptions userOptions)
   at System.Data.Odbc.OdbcConnection.Open()
   at System.Data.Common.DbConnection.OpenAsync(CancellationToken cancellationToken)
--- End of stack trace from previous location ---
   at As400ScanPollingService.PollOnceAsync(IServiceScope scope, CancellationToken token) in C:\Users\logtran\OneDrive - Ashley Furniture Industries, Inc\1. Project\logtran\1. Project\CI Project\4.OrderTrackingWeb\Program.cs:line 4471
2026-08-08 12:39:33.392 +07:00 [ERR] [AS400 Polling] Exception for WC UCFHM.
System.Data.Odbc.OdbcException (0x80131937): ERROR [08S01] [IBM][System i Access ODBC Driver]Communication link failure. comm rc=11001 - CWBCO1004 - Remote address could not be resolved
   at System.Data.ProviderBase.DbConnectionFactory.TryGetConnection(DbConnection owningConnection, TaskCompletionSource`1 retry, DbConnectionOptions userOptions, DbConnectionInternal oldConnection, DbConnectionInternal& connection)
   at System.Data.ProviderBase.DbConnectionInternal.TryOpenConnectionInternal(DbConnection outerConnection, DbConnectionFactory connectionFactory, TaskCompletionSource`1 retry, DbConnectionOptions userOptions)
   at System.Data.Odbc.OdbcConnection.Open()
   at System.Data.Common.DbConnection.OpenAsync(CancellationToken cancellationToken)
--- End of stack trace from previous location ---
   at As400ScanPollingService.PollOnceAsync(IServiceScope scope, CancellationToken token) in C:\Users\logtran\OneDrive - Ashley Furniture Industries, Inc\1. Project\logtran\1. Project\CI Project\4.OrderTrackingWeb\Program.cs:line 4471
2026-08-08 12:39:33.409 +07:00 [ERR] [AS400 Polling] Exception for WC UPHD1.
System.Data.Odbc.OdbcException (0x80131937): ERROR [08S01] [IBM][System i Access ODBC Driver]Communication link failure. comm rc=11001 - CWBCO1004 - Remote address could not be resolved
   at System.Data.ProviderBase.DbConnectionFactory.TryGetConnection(DbConnection owningConnection, TaskCompletionSource`1 retry, DbConnectionOptions userOptions, DbConnectionInternal oldConnection, DbConnectionInternal& connection)
   at System.Data.ProviderBase.DbConnectionInternal.TryOpenConnectionInternal(DbConnection outerConnection, DbConnectionFactory connectionFactory, TaskCompletionSource`1 retry, DbConnectionOptions userOptions)
   at System.Data.Odbc.OdbcConnection.Open()
   at System.Data.Common.DbConnection.OpenAsync(CancellationToken cancellationToken)
--- End of stack trace from previous location ---
   at As400ScanPollingService.PollOnceAsync(IServiceScope scope, CancellationToken token) in C:\Users\logtran\OneDrive - Ashley Furniture Industries, Inc\1. Project\logtran\1. Project\CI Project\4.OrderTrackingWeb\Program.cs:line 4471
2026-08-08 12:39:33.434 +07:00 [ERR] [AS400 Polling] Exception for WC UCFCM.
System.Data.Odbc.OdbcException (0x80131937): ERROR [08S01] [IBM][System i Access ODBC Driver]Communication link failure. comm rc=11001 - CWBCO1004 - Remote address could not be resolved
   at System.Data.ProviderBase.DbConnectionFactory.TryGetConnection(DbConnection owningConnection, TaskCompletionSource`1 retry, DbConnectionOptions userOptions, DbConnectionInternal oldConnection, DbConnectionInternal& connection)
   at System.Data.ProviderBase.DbConnectionInternal.TryOpenConnectionInternal(DbConnection outerConnection, DbConnectionFactory connectionFactory, TaskCompletionSource`1 retry, DbConnectionOptions userOptions)
   at System.Data.Odbc.OdbcConnection.Open()
   at System.Data.Common.DbConnection.OpenAsync(CancellationToken cancellationToken)
--- End of stack trace from previous location ---
   at As400ScanPollingService.PollOnceAsync(IServiceScope scope, CancellationToken token) in C:\Users\logtran\OneDrive - Ashley Furniture Industries, Inc\1. Project\logtran\1. Project\CI Project\4.OrderTrackingWeb\Program.cs:line 4471
2026-08-08 12:39:33.460 +07:00 [ERR] [AS400 Polling] Exception for WC UCFCT.
System.Data.Odbc.OdbcException (0x80131937): ERROR [08S01] [IBM][System i Access ODBC Driver]Communication link failure. comm rc=11001 - CWBCO1004 - Remote address could not be resolved
   at System.Data.ProviderBase.DbConnectionFactory.TryGetConnection(DbConnection owningConnection, TaskCompletionSource`1 retry, DbConnectionOptions userOptions, DbConnectionInternal oldConnection, DbConnectionInternal& connection)
   at System.Data.ProviderBase.DbConnectionInternal.TryOpenConnectionInternal(DbConnection outerConnection, DbConnectionFactory connectionFactory, TaskCompletionSource`1 retry, DbConnectionOptions userOptions)
   at System.Data.Odbc.OdbcConnection.Open()
   at System.Data.Common.DbConnection.OpenAsync(CancellationToken cancellationToken)
--- End of stack trace from previous location ---
   at As400ScanPollingService.PollOnceAsync(IServiceScope scope, CancellationToken token) in C:\Users\logtran\OneDrive - Ashley Furniture Industries, Inc\1. Project\logtran\1. Project\CI Project\4.OrderTrackingWeb\Program.cs:line 4471
2026-08-08 12:39:33.481 +07:00 [ERR] [AS400 Polling] Exception for WC UCFCS.
System.Data.Odbc.OdbcException (0x80131937): ERROR [08S01] [IBM][System i Access ODBC Driver]Communication link failure. comm rc=11001 - CWBCO1004 - Remote address could not be resolved
   at System.Data.ProviderBase.DbConnectionFactory.TryGetConnection(DbConnection owningConnection, TaskCompletionSource`1 retry, DbConnectionOptions userOptions, DbConnectionInternal oldConnection, DbConnectionInternal& connection)
   at System.Data.ProviderBase.DbConnectionInternal.TryOpenConnectionInternal(DbConnection outerConnection, DbConnectionFactory connectionFactory, TaskCompletionSource`1 retry, DbConnectionOptions userOptions)
   at System.Data.Odbc.OdbcConnection.Open()
   at System.Data.Common.DbConnection.OpenAsync(CancellationToken cancellationToken)
--- End of stack trace from previous location ---
   at As400ScanPollingService.PollOnceAsync(IServiceScope scope, CancellationToken token) in C:\Users\logtran\OneDrive - Ashley Furniture Industries, Inc\1. Project\logtran\1. Project\CI Project\4.OrderTrackingWeb\Program.cs:line 4471
2026-08-08 12:39:33.499 +07:00 [ERR] [AS400 Polling] Exception for WC UCFCO.
System.Data.Odbc.OdbcException (0x80131937): ERROR [08S01] [IBM][System i Access ODBC Driver]Communication link failure. comm rc=11001 - CWBCO1004 - Remote address could not be resolved
   at System.Data.ProviderBase.DbConnectionFactory.TryGetConnection(DbConnection owningConnection, TaskCompletionSource`1 retry, DbConnectionOptions userOptions, DbConnectionInternal oldConnection, DbConnectionInternal& connection)
   at System.Data.ProviderBase.DbConnectionInternal.TryOpenConnectionInternal(DbConnection outerConnection, DbConnectionFactory connectionFactory, TaskCompletionSource`1 retry, DbConnectionOptions userOptions)
   at System.Data.Odbc.OdbcConnection.Open()
   at System.Data.Common.DbConnection.OpenAsync(CancellationToken cancellationToken)
--- End of stack trace from previous location ---
   at As400ScanPollingService.PollOnceAsync(IServiceScope scope, CancellationToken token) in C:\Users\logtran\OneDrive - Ashley Furniture Industries, Inc\1. Project\logtran\1. Project\CI Project\4.OrderTrackingWeb\Program.cs:line 4471
2026-08-08 12:39:33.513 +07:00 [ERR] [AS400 Polling] Exception for WC UCFCH.
System.Data.Odbc.OdbcException (0x80131937): ERROR [08S01] [IBM][System i Access ODBC Driver]Communication link failure. comm rc=11001 - CWBCO1004 - Remote address could not be resolved
   at System.Data.ProviderBase.DbConnectionFactory.TryGetConnection(DbConnection owningConnection, TaskCompletionSource`1 retry, DbConnectionOptions userOptions, DbConnectionInternal oldConnection, DbConnectionInternal& connection)
   at System.Data.ProviderBase.DbConnectionInternal.TryOpenConnectionInternal(DbConnection outerConnection, DbConnectionFactory connectionFactory, TaskCompletionSource`1 retry, DbConnectionOptions userOptions)
   at System.Data.Odbc.OdbcConnection.Open()
   at System.Data.Common.DbConnection.OpenAsync(CancellationToken cancellationToken)
--- End of stack trace from previous location ---
   at As400ScanPollingService.PollOnceAsync(IServiceScope scope, CancellationToken token) in C:\Users\logtran\OneDrive - Ashley Furniture Industries, Inc\1. Project\logtran\1. Project\CI Project\4.OrderTrackingWeb\Program.cs:line 4471
2026-08-08 12:39:33.532 +07:00 [ERR] [AS400 Polling] Exception for WC UPGL6.
System.Data.Odbc.OdbcException (0x80131937): ERROR [08S01] [IBM][System i Access ODBC Driver]Communication link failure. comm rc=11001 - CWBCO1004 - Remote address could not be resolved
   at System.Data.ProviderBase.DbConnectionFactory.TryGetConnection(DbConnection owningConnection, TaskCompletionSource`1 retry, DbConnectionOptions userOptions, DbConnectionInternal oldConnection, DbConnectionInternal& connection)
   at System.Data.ProviderBase.DbConnectionInternal.TryOpenConnectionInternal(DbConnection outerConnection, DbConnectionFactory connectionFactory, TaskCompletionSource`1 retry, DbConnectionOptions userOptions)
   at System.Data.Odbc.OdbcConnection.Open()
   at System.Data.Common.DbConnection.OpenAsync(CancellationToken cancellationToken)
--- End of stack trace from previous location ---
   at As400ScanPollingService.PollOnceAsync(IServiceScope scope, CancellationToken token) in C:\Users\logtran\OneDrive - Ashley Furniture Industries, Inc\1. Project\logtran\1. Project\CI Project\4.OrderTrackingWeb\Program.cs:line 4471
2026-08-08 12:39:33.554 +07:00 [ERR] [AS400 Polling] Exception for WC WLGL2.
System.Data.Odbc.OdbcException (0x80131937): ERROR [08S01] [IBM][System i Access ODBC Driver]Communication link failure. comm rc=11001 - CWBCO1004 - Remote address could not be resolved
   at System.Data.ProviderBase.DbConnectionFactory.TryGetConnection(DbConnection owningConnection, TaskCompletionSource`1 retry, DbConnectionOptions userOptions, DbConnectionInternal oldConnection, DbConnectionInternal& connection)
   at System.Data.ProviderBase.DbConnectionInternal.TryOpenConnectionInternal(DbConnection outerConnection, DbConnectionFactory connectionFactory, TaskCompletionSource`1 retry, DbConnectionOptions userOptions)
   at System.Data.Odbc.OdbcConnection.Open()
   at System.Data.Common.DbConnection.OpenAsync(CancellationToken cancellationToken)
--- End of stack trace from previous location ---
   at As400ScanPollingService.PollOnceAsync(IServiceScope scope, CancellationToken token) in C:\Users\logtran\OneDrive - Ashley Furniture Industries, Inc\1. Project\logtran\1. Project\CI Project\4.OrderTrackingWeb\Program.cs:line 4471
2026-08-08 12:39:33.580 +07:00 [ERR] [AS400 Polling] Exception for WC UFGL2.
System.Data.Odbc.OdbcException (0x80131937): ERROR [08S01] [IBM][System i Access ODBC Driver]Communication link failure. comm rc=11001 - CWBCO1004 - Remote address could not be resolved
   at System.Data.ProviderBase.DbConnectionFactory.TryGetConnection(DbConnection owningConnection, TaskCompletionSource`1 retry, DbConnectionOptions userOptions, DbConnectionInternal oldConnection, DbConnectionInternal& connection)
   at System.Data.ProviderBase.DbConnectionInternal.TryOpenConnectionInternal(DbConnection outerConnection, DbConnectionFactory connectionFactory, TaskCompletionSource`1 retry, DbConnectionOptions userOptions)
   at System.Data.Odbc.OdbcConnection.Open()
   at System.Data.Common.DbConnection.OpenAsync(CancellationToken cancellationToken)
--- End of stack trace from previous location ---
   at As400ScanPollingService.PollOnceAsync(IServiceScope scope, CancellationToken token) in C:\Users\logtran\OneDrive - Ashley Furniture Industries, Inc\1. Project\logtran\1. Project\CI Project\4.OrderTrackingWeb\Program.cs:line 4471
2026-08-08 12:39:33.599 +07:00 [ERR] [AS400 Polling] Exception for WC UPGL4.
System.Data.Odbc.OdbcException (0x80131937): ERROR [08S01] [IBM][System i Access ODBC Driver]Communication link failure. comm rc=11001 - CWBCO1004 - Remote address could not be resolved
   at System.Data.ProviderBase.DbConnectionFactory.TryGetConnection(DbConnection owningConnection, TaskCompletionSource`1 retry, DbConnectionOptions userOptions, DbConnectionInternal oldConnection, DbConnectionInternal& connection)
   at System.Data.ProviderBase.DbConnectionInternal.TryOpenConnectionInternal(DbConnection outerConnection, DbConnectionFactory connectionFactory, TaskCompletionSource`1 retry, DbConnectionOptions userOptions)
   at System.Data.Odbc.OdbcConnection.Open()
   at System.Data.Common.DbConnection.OpenAsync(CancellationToken cancellationToken)
--- End of stack trace from previous location ---
   at As400ScanPollingService.PollOnceAsync(IServiceScope scope, CancellationToken token) in C:\Users\logtran\OneDrive - Ashley Furniture Industries, Inc\1. Project\logtran\1. Project\CI Project\4.OrderTrackingWeb\Program.cs:line 4471
2026-08-08 12:39:33.615 +07:00 [ERR] [AS400 Polling] Exception for WC UPGL1.
System.Data.Odbc.OdbcException (0x80131937): ERROR [08S01] [IBM][System i Access ODBC Driver]Communication link failure. comm rc=11001 - CWBCO1004 - Remote address could not be resolved
   at System.Data.ProviderBase.DbConnectionFactory.TryGetConnection(DbConnection owningConnection, TaskCompletionSource`1 retry, DbConnectionOptions userOptions, DbConnectionInternal oldConnection, DbConnectionInternal& connection)
   at System.Data.ProviderBase.DbConnectionInternal.TryOpenConnectionInternal(DbConnection outerConnection, DbConnectionFactory connectionFactory, TaskCompletionSource`1 retry, DbConnectionOptions userOptions)
   at System.Data.Odbc.OdbcConnection.Open()
   at System.Data.Common.DbConnection.OpenAsync(CancellationToken cancellationToken)
--- End of stack trace from previous location ---
   at As400ScanPollingService.PollOnceAsync(IServiceScope scope, CancellationToken token) in C:\Users\logtran\OneDrive - Ashley Furniture Industries, Inc\1. Project\logtran\1. Project\CI Project\4.OrderTrackingWeb\Program.cs:line 4471
2026-08-08 12:39:33.632 +07:00 [ERR] [AS400 Polling] Exception for WC UPGL3.
System.Data.Odbc.OdbcException (0x80131937): ERROR [08S01] [IBM][System i Access ODBC Driver]Communication link failure. comm rc=11001 - CWBCO1004 - Remote address could not be resolved
   at System.Data.ProviderBase.DbConnectionFactory.TryGetConnection(DbConnection owningConnection, TaskCompletionSource`1 retry, DbConnectionOptions userOptions, DbConnectionInternal oldConnection, DbConnectionInternal& connection)
   at System.Data.ProviderBase.DbConnectionInternal.TryOpenConnectionInternal(DbConnection outerConnection, DbConnectionFactory connectionFactory, TaskCompletionSource`1 retry, DbConnectionOptions userOptions)
   at System.Data.Odbc.OdbcConnection.Open()
   at System.Data.Common.DbConnection.OpenAsync(CancellationToken cancellationToken)
--- End of stack trace from previous location ---
   at As400ScanPollingService.PollOnceAsync(IServiceScope scope, CancellationToken token) in C:\Users\logtran\OneDrive - Ashley Furniture Industries, Inc\1. Project\logtran\1. Project\CI Project\4.OrderTrackingWeb\Program.cs:line 4471
2026-08-08 13:28:08.943 +07:00 [ERR] [AS400 Polling] Exception for WC UBF03.
System.InvalidOperationException: The connection has been disabled.
 ---> System.Data.Odbc.OdbcException (0x80131937): ERROR [08S01] [IBM][System i Access ODBC Driver]Communication link failure. comm rc=10053 - CWBCO1003 - Sockets error, function  returned 10053, WFVNPROD.ASHLEYFURNITURE.COM
   --- End of inner exception stack trace ---
   at System.Data.Odbc.OdbcConnection.ConnectionIsAlive(Exception innerException)
   at System.Data.Odbc.OdbcConnection.HandleErrorNoThrow(OdbcHandle hrHandle, SQLRETURN retcode)
   at System.Data.Odbc.OdbcCommand.ExecuteReaderObject(CommandBehavior behavior, String method, Boolean needReader, Object[] methodArguments, SQL_API odbcApiMethod)
   at System.Data.Odbc.OdbcCommand.ExecuteDbDataReader(CommandBehavior behavior)
   at System.Data.Common.DbCommand.ExecuteDbDataReaderAsync(CommandBehavior behavior, CancellationToken cancellationToken)
--- End of stack trace from previous location ---
   at As400ScanPollingService.PollOnceAsync(IServiceScope scope, CancellationToken token) in C:\Users\logtran\OneDrive - Ashley Furniture Industries, Inc\1. Project\logtran\1. Project\CI Project\4.OrderTrackingWeb\Program.cs:line 4486
2026-08-08 13:28:11.143 +07:00 [ERR] [AS400 Polling] Exception for WC UBF04.
System.Data.Odbc.OdbcException (0x80131937): ERROR [08S01] [IBM][System i Access ODBC Driver]Communication link failure. comm rc=11001 - CWBCO1004 - Remote address could not be resolved
   at System.Data.ProviderBase.DbConnectionFactory.TryGetConnection(DbConnection owningConnection, TaskCompletionSource`1 retry, DbConnectionOptions userOptions, DbConnectionInternal oldConnection, DbConnectionInternal& connection)
   at System.Data.ProviderBase.DbConnectionInternal.TryOpenConnectionInternal(DbConnection outerConnection, DbConnectionFactory connectionFactory, TaskCompletionSource`1 retry, DbConnectionOptions userOptions)
   at System.Data.Odbc.OdbcConnection.Open()
   at System.Data.Common.DbConnection.OpenAsync(CancellationToken cancellationToken)
--- End of stack trace from previous location ---
   at As400ScanPollingService.PollOnceAsync(IServiceScope scope, CancellationToken token) in C:\Users\logtran\OneDrive - Ashley Furniture Industries, Inc\1. Project\logtran\1. Project\CI Project\4.OrderTrackingWeb\Program.cs:line 4471
2026-08-08 13:28:11.480 +07:00 [ERR] [AS400 Polling] Exception for WC UBF05.
System.Data.Odbc.OdbcException (0x80131937): ERROR [08S01] [IBM][System i Access ODBC Driver]Communication link failure. comm rc=11001 - CWBCO1004 - Remote address could not be resolved
   at System.Data.ProviderBase.DbConnectionFactory.TryGetConnection(DbConnection owningConnection, TaskCompletionSource`1 retry, DbConnectionOptions userOptions, DbConnectionInternal oldConnection, DbConnectionInternal& connection)
   at System.Data.ProviderBase.DbConnectionInternal.TryOpenConnectionInternal(DbConnection outerConnection, DbConnectionFactory connectionFactory, TaskCompletionSource`1 retry, DbConnectionOptions userOptions)
   at System.Data.Odbc.OdbcConnection.Open()
   at System.Data.Common.DbConnection.OpenAsync(CancellationToken cancellationToken)
--- End of stack trace from previous location ---
   at As400ScanPollingService.PollOnceAsync(IServiceScope scope, CancellationToken token) in C:\Users\logtran\OneDrive - Ashley Furniture Industries, Inc\1. Project\logtran\1. Project\CI Project\4.OrderTrackingWeb\Program.cs:line 4471
2026-08-08 13:28:11.650 +07:00 [ERR] [AS400 Polling] Exception for WC UCFHM.
System.Data.Odbc.OdbcException (0x80131937): ERROR [08S01] [IBM][System i Access ODBC Driver]Communication link failure. comm rc=11001 - CWBCO1004 - Remote address could not be resolved
   at System.Data.ProviderBase.DbConnectionFactory.TryGetConnection(DbConnection owningConnection, TaskCompletionSource`1 retry, DbConnectionOptions userOptions, DbConnectionInternal oldConnection, DbConnectionInternal& connection)
   at System.Data.ProviderBase.DbConnectionInternal.TryOpenConnectionInternal(DbConnection outerConnection, DbConnectionFactory connectionFactory, TaskCompletionSource`1 retry, DbConnectionOptions userOptions)
   at System.Data.Odbc.OdbcConnection.Open()
   at System.Data.Common.DbConnection.OpenAsync(CancellationToken cancellationToken)
--- End of stack trace from previous location ---
   at As400ScanPollingService.PollOnceAsync(IServiceScope scope, CancellationToken token) in C:\Users\logtran\OneDrive - Ashley Furniture Industries, Inc\1. Project\logtran\1. Project\CI Project\4.OrderTrackingWeb\Program.cs:line 4471
2026-08-08 13:28:11.807 +07:00 [ERR] [AS400 Polling] Exception for WC UPHD1.
System.Data.Odbc.OdbcException (0x80131937): ERROR [08S01] [IBM][System i Access ODBC Driver]Communication link failure. comm rc=11001 - CWBCO1004 - Remote address could not be resolved
   at System.Data.ProviderBase.DbConnectionFactory.TryGetConnection(DbConnection owningConnection, TaskCompletionSource`1 retry, DbConnectionOptions userOptions, DbConnectionInternal oldConnection, DbConnectionInternal& connection)
   at System.Data.ProviderBase.DbConnectionInternal.TryOpenConnectionInternal(DbConnection outerConnection, DbConnectionFactory connectionFactory, TaskCompletionSource`1 retry, DbConnectionOptions userOptions)
   at System.Data.Odbc.OdbcConnection.Open()
   at System.Data.Common.DbConnection.OpenAsync(CancellationToken cancellationToken)
--- End of stack trace from previous location ---
   at As400ScanPollingService.PollOnceAsync(IServiceScope scope, CancellationToken token) in C:\Users\logtran\OneDrive - Ashley Furniture Industries, Inc\1. Project\logtran\1. Project\CI Project\4.OrderTrackingWeb\Program.cs:line 4471
2026-08-08 14:18:54.203 +07:00 [ERR] [AS400 Polling] Error reading schedule files.
System.IO.IOException: The network path was not found. : 'V:\UPH Support\Public\B2\Data\nhung\LEADTIME B2\LEADTIME UPH SUPPORT'
   at System.IO.Enumeration.FileSystemEnumerator`1.Init()
   at FileHelpers.FindLatestScheduleFile(DateTime targetDate, String schedulePath) in C:\Users\logtran\OneDrive - Ashley Furniture Industries, Inc\1. Project\logtran\1. Project\CI Project\4.OrderTrackingWeb\Program.cs:line 4677
   at As400ScanPollingService.PollOnceAsync(IServiceScope scope, CancellationToken token) in C:\Users\logtran\OneDrive - Ashley Furniture Industries, Inc\1. Project\logtran\1. Project\CI Project\4.OrderTrackingWeb\Program.cs:line 4355
