2026-07-26 23:58:11.525 +07:00 [ERR] [AS400 Polling] Exception for WC UCFCM.
System.InvalidOperationException: The connection has been disabled.
 ---> System.Data.Odbc.OdbcException (0x80131937): ERROR [08S01] [IBM][System i Access ODBC Driver]Communication link failure. comm rc=10053 - CWBCO1003 - Sockets error, function  returned 10053, WFVNPROD.ASHLEYFURNITURE.COM
   --- End of inner exception stack trace ---
   at System.Data.Odbc.OdbcConnection.ConnectionIsAlive(Exception innerException)
   at System.Data.Odbc.OdbcConnection.HandleErrorNoThrow(OdbcHandle hrHandle, SQLRETURN retcode)
   at System.Data.Odbc.OdbcCommand.ExecuteReaderObject(CommandBehavior behavior, String method, Boolean needReader, Object[] methodArguments, SQL_API odbcApiMethod)
   at System.Data.Odbc.OdbcCommand.ExecuteDbDataReader(CommandBehavior behavior)
   at System.Data.Common.DbCommand.ExecuteDbDataReaderAsync(CommandBehavior behavior, CancellationToken cancellationToken)
--- End of stack trace from previous location ---
   at As400ScanPollingService.PollOnceAsync(IServiceScope scope, CancellationToken token) in C:\Users\logtran\OneDrive - Ashley Furniture Industries, Inc\1. Project\logtran\1. Project\CI Project\4.OrderTrackingWeb\Program.cs:line 4612
2026-07-26 23:58:15.483 +07:00 [ERR] [AS400 Polling] Exception for WC UCFHM.
System.Data.Odbc.OdbcException (0x80131937): ERROR [08S01] [IBM][System i Access ODBC Driver]Communication link failure. comm rc=11001 - CWBCO1004 - Remote address could not be resolved
   at System.Data.ProviderBase.DbConnectionFactory.TryGetConnection(DbConnection owningConnection, TaskCompletionSource`1 retry, DbConnectionOptions userOptions, DbConnectionInternal oldConnection, DbConnectionInternal& connection)
   at System.Data.ProviderBase.DbConnectionInternal.TryOpenConnectionInternal(DbConnection outerConnection, DbConnectionFactory connectionFactory, TaskCompletionSource`1 retry, DbConnectionOptions userOptions)
   at System.Data.Odbc.OdbcConnection.Open()
   at System.Data.Common.DbConnection.OpenAsync(CancellationToken cancellationToken)
--- End of stack trace from previous location ---
   at As400ScanPollingService.PollOnceAsync(IServiceScope scope, CancellationToken token) in C:\Users\logtran\OneDrive - Ashley Furniture Industries, Inc\1. Project\logtran\1. Project\CI Project\4.OrderTrackingWeb\Program.cs:line 4597
2026-07-26 23:58:16.302 +07:00 [ERR] [AS400 Polling] Exception for WC UCFCO.
System.Data.Odbc.OdbcException (0x80131937): ERROR [08S01] [IBM][System i Access ODBC Driver]Communication link failure. comm rc=11001 - CWBCO1004 - Remote address could not be resolved
   at System.Data.ProviderBase.DbConnectionFactory.TryGetConnection(DbConnection owningConnection, TaskCompletionSource`1 retry, DbConnectionOptions userOptions, DbConnectionInternal oldConnection, DbConnectionInternal& connection)
   at System.Data.ProviderBase.DbConnectionInternal.TryOpenConnectionInternal(DbConnection outerConnection, DbConnectionFactory connectionFactory, TaskCompletionSource`1 retry, DbConnectionOptions userOptions)
   at System.Data.Odbc.OdbcConnection.Open()
   at System.Data.Common.DbConnection.OpenAsync(CancellationToken cancellationToken)
--- End of stack trace from previous location ---
   at As400ScanPollingService.PollOnceAsync(IServiceScope scope, CancellationToken token) in C:\Users\logtran\OneDrive - Ashley Furniture Industries, Inc\1. Project\logtran\1. Project\CI Project\4.OrderTrackingWeb\Program.cs:line 4597
2026-07-26 23:58:19.607 +07:00 [ERR] [AS400 Polling] Exception for WC UCFCH.
System.Data.Odbc.OdbcException (0x80131937): ERROR [08S01] [IBM][System i Access ODBC Driver]Communication link failure. comm rc=11001 - CWBCO1004 - Remote address could not be resolved
   at System.Data.ProviderBase.DbConnectionFactory.TryGetConnection(DbConnection owningConnection, TaskCompletionSource`1 retry, DbConnectionOptions userOptions, DbConnectionInternal oldConnection, DbConnectionInternal& connection)
   at System.Data.ProviderBase.DbConnectionInternal.TryOpenConnectionInternal(DbConnection outerConnection, DbConnectionFactory connectionFactory, TaskCompletionSource`1 retry, DbConnectionOptions userOptions)
   at System.Data.Odbc.OdbcConnection.Open()
   at System.Data.Common.DbConnection.OpenAsync(CancellationToken cancellationToken)
--- End of stack trace from previous location ---
   at As400ScanPollingService.PollOnceAsync(IServiceScope scope, CancellationToken token) in C:\Users\logtran\OneDrive - Ashley Furniture Industries, Inc\1. Project\logtran\1. Project\CI Project\4.OrderTrackingWeb\Program.cs:line 4597
2026-07-26 23:58:22.146 +07:00 [ERR] [AS400 Polling] Exception for WC UCFHS.
System.Data.Odbc.OdbcException (0x80131937): ERROR [08S01] [IBM][System i Access ODBC Driver]Communication link failure. comm rc=11001 - CWBCO1004 - Remote address could not be resolved
   at System.Data.ProviderBase.DbConnectionFactory.TryGetConnection(DbConnection owningConnection, TaskCompletionSource`1 retry, DbConnectionOptions userOptions, DbConnectionInternal oldConnection, DbConnectionInternal& connection)
   at System.Data.ProviderBase.DbConnectionInternal.TryOpenConnectionInternal(DbConnection outerConnection, DbConnectionFactory connectionFactory, TaskCompletionSource`1 retry, DbConnectionOptions userOptions)
   at System.Data.Odbc.OdbcConnection.Open()
   at System.Data.Common.DbConnection.OpenAsync(CancellationToken cancellationToken)
--- End of stack trace from previous location ---
   at As400ScanPollingService.PollOnceAsync(IServiceScope scope, CancellationToken token) in C:\Users\logtran\OneDrive - Ashley Furniture Industries, Inc\1. Project\logtran\1. Project\CI Project\4.OrderTrackingWeb\Program.cs:line 4597
2026-07-26 23:58:22.908 +07:00 [ERR] [AS400 Polling] Exception for WC UCFCV.
System.Data.Odbc.OdbcException (0x80131937): ERROR [08S01] [IBM][System i Access ODBC Driver]Communication link failure. comm rc=11001 - CWBCO1004 - Remote address could not be resolved
   at System.Data.ProviderBase.DbConnectionFactory.TryGetConnection(DbConnection owningConnection, TaskCompletionSource`1 retry, DbConnectionOptions userOptions, DbConnectionInternal oldConnection, DbConnectionInternal& connection)
   at System.Data.ProviderBase.DbConnectionInternal.TryOpenConnectionInternal(DbConnection outerConnection, DbConnectionFactory connectionFactory, TaskCompletionSource`1 retry, DbConnectionOptions userOptions)
   at System.Data.Odbc.OdbcConnection.Open()
   at System.Data.Common.DbConnection.OpenAsync(CancellationToken cancellationToken)
--- End of stack trace from previous location ---
   at As400ScanPollingService.PollOnceAsync(IServiceScope scope, CancellationToken token) in C:\Users\logtran\OneDrive - Ashley Furniture Industries, Inc\1. Project\logtran\1. Project\CI Project\4.OrderTrackingWeb\Program.cs:line 4597
2026-07-26 23:58:23.300 +07:00 [ERR] [AS400 Polling] Exception for WC UCFCT.
System.Data.Odbc.OdbcException (0x80131937): ERROR [08S01] [IBM][System i Access ODBC Driver]Communication link failure. comm rc=11001 - CWBCO1004 - Remote address could not be resolved
   at System.Data.ProviderBase.DbConnectionFactory.TryGetConnection(DbConnection owningConnection, TaskCompletionSource`1 retry, DbConnectionOptions userOptions, DbConnectionInternal oldConnection, DbConnectionInternal& connection)
   at System.Data.ProviderBase.DbConnectionInternal.TryOpenConnectionInternal(DbConnection outerConnection, DbConnectionFactory connectionFactory, TaskCompletionSource`1 retry, DbConnectionOptions userOptions)
   at System.Data.Odbc.OdbcConnection.Open()
   at System.Data.Common.DbConnection.OpenAsync(CancellationToken cancellationToken)
--- End of stack trace from previous location ---
   at As400ScanPollingService.PollOnceAsync(IServiceScope scope, CancellationToken token) in C:\Users\logtran\OneDrive - Ashley Furniture Industries, Inc\1. Project\logtran\1. Project\CI Project\4.OrderTrackingWeb\Program.cs:line 4597
2026-07-26 23:58:23.693 +07:00 [ERR] [AS400 Polling] Exception for WC UPHD1.
System.Data.Odbc.OdbcException (0x80131937): ERROR [08S01] [IBM][System i Access ODBC Driver]Communication link failure. comm rc=11001 - CWBCO1004 - Remote address could not be resolved
   at System.Data.ProviderBase.DbConnectionFactory.TryGetConnection(DbConnection owningConnection, TaskCompletionSource`1 retry, DbConnectionOptions userOptions, DbConnectionInternal oldConnection, DbConnectionInternal& connection)
   at System.Data.ProviderBase.DbConnectionInternal.TryOpenConnectionInternal(DbConnection outerConnection, DbConnectionFactory connectionFactory, TaskCompletionSource`1 retry, DbConnectionOptions userOptions)
   at System.Data.Odbc.OdbcConnection.Open()
   at System.Data.Common.DbConnection.OpenAsync(CancellationToken cancellationToken)
--- End of stack trace from previous location ---
   at As400ScanPollingService.PollOnceAsync(IServiceScope scope, CancellationToken token) in C:\Users\logtran\OneDrive - Ashley Furniture Industries, Inc\1. Project\logtran\1. Project\CI Project\4.OrderTrackingWeb\Program.cs:line 4597
2026-07-26 23:58:24.329 +07:00 [ERR] [AS400 Polling] Exception for WC UFGL2.
System.Data.Odbc.OdbcException (0x80131937): ERROR [08S01] [IBM][System i Access ODBC Driver]Communication link failure. comm rc=11001 - CWBCO1004 - Remote address could not be resolved
   at System.Data.ProviderBase.DbConnectionFactory.TryGetConnection(DbConnection owningConnection, TaskCompletionSource`1 retry, DbConnectionOptions userOptions, DbConnectionInternal oldConnection, DbConnectionInternal& connection)
   at System.Data.ProviderBase.DbConnectionInternal.TryOpenConnectionInternal(DbConnection outerConnection, DbConnectionFactory connectionFactory, TaskCompletionSource`1 retry, DbConnectionOptions userOptions)
   at System.Data.Odbc.OdbcConnection.Open()
   at System.Data.Common.DbConnection.OpenAsync(CancellationToken cancellationToken)
--- End of stack trace from previous location ---
   at As400ScanPollingService.PollOnceAsync(IServiceScope scope, CancellationToken token) in C:\Users\logtran\OneDrive - Ashley Furniture Industries, Inc\1. Project\logtran\1. Project\CI Project\4.OrderTrackingWeb\Program.cs:line 4597
2026-07-26 23:58:25.045 +07:00 [ERR] [AS400 Polling] Exception for WC UPGL2.
System.Data.Odbc.OdbcException (0x80131937): ERROR [08S01] [IBM][System i Access ODBC Driver]Communication link failure. comm rc=11001 - CWBCO1004 - Remote address could not be resolved
   at System.Data.ProviderBase.DbConnectionFactory.TryGetConnection(DbConnection owningConnection, TaskCompletionSource`1 retry, DbConnectionOptions userOptions, DbConnectionInternal oldConnection, DbConnectionInternal& connection)
   at System.Data.ProviderBase.DbConnectionInternal.TryOpenConnectionInternal(DbConnection outerConnection, DbConnectionFactory connectionFactory, TaskCompletionSource`1 retry, DbConnectionOptions userOptions)
   at System.Data.Odbc.OdbcConnection.Open()
   at System.Data.Common.DbConnection.OpenAsync(CancellationToken cancellationToken)
--- End of stack trace from previous location ---
   at As400ScanPollingService.PollOnceAsync(IServiceScope scope, CancellationToken token) in C:\Users\logtran\OneDrive - Ashley Furniture Industries, Inc\1. Project\logtran\1. Project\CI Project\4.OrderTrackingWeb\Program.cs:line 4597
2026-07-26 23:58:25.290 +07:00 [ERR] [AS400 Polling] Exception for WC UPGL6.
System.Data.Odbc.OdbcException (0x80131937): ERROR [08S01] [IBM][System i Access ODBC Driver]Communication link failure. comm rc=11001 - CWBCO1004 - Remote address could not be resolved
   at System.Data.ProviderBase.DbConnectionFactory.TryGetConnection(DbConnection owningConnection, TaskCompletionSource`1 retry, DbConnectionOptions userOptions, DbConnectionInternal oldConnection, DbConnectionInternal& connection)
   at System.Data.ProviderBase.DbConnectionInternal.TryOpenConnectionInternal(DbConnection outerConnection, DbConnectionFactory connectionFactory, TaskCompletionSource`1 retry, DbConnectionOptions userOptions)
   at System.Data.Odbc.OdbcConnection.Open()
   at System.Data.Common.DbConnection.OpenAsync(CancellationToken cancellationToken)
--- End of stack trace from previous location ---
   at As400ScanPollingService.PollOnceAsync(IServiceScope scope, CancellationToken token) in C:\Users\logtran\OneDrive - Ashley Furniture Industries, Inc\1. Project\logtran\1. Project\CI Project\4.OrderTrackingWeb\Program.cs:line 4597
2026-07-26 23:58:25.708 +07:00 [ERR] [AS400 Polling] Exception for WC WLGL2.
System.Data.Odbc.OdbcException (0x80131937): ERROR [08S01] [IBM][System i Access ODBC Driver]Communication link failure. comm rc=11001 - CWBCO1004 - Remote address could not be resolved
   at System.Data.ProviderBase.DbConnectionFactory.TryGetConnection(DbConnection owningConnection, TaskCompletionSource`1 retry, DbConnectionOptions userOptions, DbConnectionInternal oldConnection, DbConnectionInternal& connection)
   at System.Data.ProviderBase.DbConnectionInternal.TryOpenConnectionInternal(DbConnection outerConnection, DbConnectionFactory connectionFactory, TaskCompletionSource`1 retry, DbConnectionOptions userOptions)
   at System.Data.Odbc.OdbcConnection.Open()
   at System.Data.Common.DbConnection.OpenAsync(CancellationToken cancellationToken)
--- End of stack trace from previous location ---
   at As400ScanPollingService.PollOnceAsync(IServiceScope scope, CancellationToken token) in C:\Users\logtran\OneDrive - Ashley Furniture Industries, Inc\1. Project\logtran\1. Project\CI Project\4.OrderTrackingWeb\Program.cs:line 4597
2026-07-26 23:58:25.989 +07:00 [ERR] [AS400 Polling] Exception for WC UPGL4.
System.Data.Odbc.OdbcException (0x80131937): ERROR [08S01] [IBM][System i Access ODBC Driver]Communication link failure. comm rc=11001 - CWBCO1004 - Remote address could not be resolved
   at System.Data.ProviderBase.DbConnectionFactory.TryGetConnection(DbConnection owningConnection, TaskCompletionSource`1 retry, DbConnectionOptions userOptions, DbConnectionInternal oldConnection, DbConnectionInternal& connection)
   at System.Data.ProviderBase.DbConnectionInternal.TryOpenConnectionInternal(DbConnection outerConnection, DbConnectionFactory connectionFactory, TaskCompletionSource`1 retry, DbConnectionOptions userOptions)
   at System.Data.Odbc.OdbcConnection.Open()
   at System.Data.Common.DbConnection.OpenAsync(CancellationToken cancellationToken)
--- End of stack trace from previous location ---
   at As400ScanPollingService.PollOnceAsync(IServiceScope scope, CancellationToken token) in C:\Users\logtran\OneDrive - Ashley Furniture Industries, Inc\1. Project\logtran\1. Project\CI Project\4.OrderTrackingWeb\Program.cs:line 4597
2026-07-26 23:58:26.097 +07:00 [ERR] [AS400 Polling] Exception for WC UPGL3.
System.Data.Odbc.OdbcException (0x80131937): ERROR [08S01] [IBM][System i Access ODBC Driver]Communication link failure. comm rc=11001 - CWBCO1004 - Remote address could not be resolved
   at System.Data.ProviderBase.DbConnectionFactory.TryGetConnection(DbConnection owningConnection, TaskCompletionSource`1 retry, DbConnectionOptions userOptions, DbConnectionInternal oldConnection, DbConnectionInternal& connection)
   at System.Data.ProviderBase.DbConnectionInternal.TryOpenConnectionInternal(DbConnection outerConnection, DbConnectionFactory connectionFactory, TaskCompletionSource`1 retry, DbConnectionOptions userOptions)
   at System.Data.Odbc.OdbcConnection.Open()
   at System.Data.Common.DbConnection.OpenAsync(CancellationToken cancellationToken)
--- End of stack trace from previous location ---
   at As400ScanPollingService.PollOnceAsync(IServiceScope scope, CancellationToken token) in C:\Users\logtran\OneDrive - Ashley Furniture Industries, Inc\1. Project\logtran\1. Project\CI Project\4.OrderTrackingWeb\Program.cs:line 4597
2026-07-26 23:58:26.266 +07:00 [ERR] [AS400 Polling] Exception for WC UPGL1.
System.Data.Odbc.OdbcException (0x80131937): ERROR [08S01] [IBM][System i Access ODBC Driver]Communication link failure. comm rc=11001 - CWBCO1004 - Remote address could not be resolved
   at System.Data.ProviderBase.DbConnectionFactory.TryGetConnection(DbConnection owningConnection, TaskCompletionSource`1 retry, DbConnectionOptions userOptions, DbConnectionInternal oldConnection, DbConnectionInternal& connection)
   at System.Data.ProviderBase.DbConnectionInternal.TryOpenConnectionInternal(DbConnection outerConnection, DbConnectionFactory connectionFactory, TaskCompletionSource`1 retry, DbConnectionOptions userOptions)
   at System.Data.Odbc.OdbcConnection.Open()
   at System.Data.Common.DbConnection.OpenAsync(CancellationToken cancellationToken)
--- End of stack trace from previous location ---
   at As400ScanPollingService.PollOnceAsync(IServiceScope scope, CancellationToken token) in C:\Users\logtran\OneDrive - Ashley Furniture Industries, Inc\1. Project\logtran\1. Project\CI Project\4.OrderTrackingWeb\Program.cs:line 4597
2026-07-26 23:59:18.235 +07:00 [ERR] [AS400 Polling] Error reading schedule files.
System.IO.IOException: The network path was not found. : 'V:\UPH Support\Public\B2\Data\nhung\LEADTIME B2\LEADTIME UPH SUPPORT'
   at System.IO.Enumeration.FileSystemEnumerator`1.Init()
   at FileHelpers.FindLatestScheduleFile(DateTime targetDate, String schedulePath) in C:\Users\logtran\OneDrive - Ashley Furniture Industries, Inc\1. Project\logtran\1. Project\CI Project\4.OrderTrackingWeb\Program.cs:line 4797
   at As400ScanPollingService.PollOnceAsync(IServiceScope scope, CancellationToken token) in C:\Users\logtran\OneDrive - Ashley Furniture Industries, Inc\1. Project\logtran\1. Project\CI Project\4.OrderTrackingWeb\Program.cs:line 4481
2026-07-26 23:59:28.250 +07:00 [ERR] [AS400 Polling] Error reading schedule files.
System.IO.IOException: The network path was not found. : 'V:\UPH Support\Public\B2\Data\nhung\LEADTIME B2\LEADTIME UPH SUPPORT'
   at System.IO.Enumeration.FileSystemEnumerator`1.Init()
   at FileHelpers.FindLatestScheduleFile(DateTime targetDate, String schedulePath) in C:\Users\logtran\OneDrive - Ashley Furniture Industries, Inc\1. Project\logtran\1. Project\CI Project\4.OrderTrackingWeb\Program.cs:line 4797
   at As400ScanPollingService.PollOnceAsync(IServiceScope scope, CancellationToken token) in C:\Users\logtran\OneDrive - Ashley Furniture Industries, Inc\1. Project\logtran\1. Project\CI Project\4.OrderTrackingWeb\Program.cs:line 4481
2026-07-26 23:59:38.264 +07:00 [ERR] [AS400 Polling] Error reading schedule files.
System.IO.IOException: The network path was not found. : 'V:\UPH Support\Public\B2\Data\nhung\LEADTIME B2\LEADTIME UPH SUPPORT'
   at System.IO.Enumeration.FileSystemEnumerator`1.Init()
   at FileHelpers.FindLatestScheduleFile(DateTime targetDate, String schedulePath) in C:\Users\logtran\OneDrive - Ashley Furniture Industries, Inc\1. Project\logtran\1. Project\CI Project\4.OrderTrackingWeb\Program.cs:line 4797
   at As400ScanPollingService.PollOnceAsync(IServiceScope scope, CancellationToken token) in C:\Users\logtran\OneDrive - Ashley Furniture Industries, Inc\1. Project\logtran\1. Project\CI Project\4.OrderTrackingWeb\Program.cs:line 4481
