2026-07-27 00:21:28.477 +07:00 [ERR] [AS400 Polling] Exception for WC UBF04.
System.Threading.Tasks.TaskCanceledException: A task was canceled.
   at As400ScanPollingService.PollOnceAsync(IServiceScope scope, CancellationToken token) in C:\Users\logtran\OneDrive - Ashley Furniture Industries, Inc\1. Project\logtran\1. Project\CI Project\4.OrderTrackingWeb\Program.cs:line 4613
2026-07-27 00:47:43.628 +07:00 [ERR] An error occurred using the connection to database 'main' on server 'Data/OrderTracking.db'.
2026-07-27 00:47:43.664 +07:00 [ERR] Error while polling AS400 scan data
System.Threading.Tasks.TaskCanceledException: A task was canceled.
   at Microsoft.EntityFrameworkCore.Storage.RelationalConnection.OpenInternalAsync(Boolean errorsExpected, CancellationToken cancellationToken)
   at Microsoft.EntityFrameworkCore.Storage.RelationalConnection.OpenInternalAsync(Boolean errorsExpected, CancellationToken cancellationToken)
   at Microsoft.EntityFrameworkCore.Storage.RelationalConnection.OpenAsync(CancellationToken cancellationToken, Boolean errorsExpected)
   at Microsoft.EntityFrameworkCore.Storage.RelationalCommand.ExecuteReaderAsync(RelationalCommandParameterObject parameterObject, CancellationToken cancellationToken)
   at Microsoft.EntityFrameworkCore.Query.Internal.SingleQueryingEnumerable`1.AsyncEnumerator.InitializeReaderAsync(AsyncEnumerator enumerator, CancellationToken cancellationToken)
   at Microsoft.EntityFrameworkCore.Query.Internal.SingleQueryingEnumerable`1.AsyncEnumerator.MoveNextAsync()
   at Microsoft.EntityFrameworkCore.EntityFrameworkQueryableExtensions.ToDictionaryAsync[TSource,TKey,TElement](IQueryable`1 source, Func`2 keySelector, Func`2 elementSelector, IEqualityComparer`1 comparer, CancellationToken cancellationToken)
   at Microsoft.EntityFrameworkCore.EntityFrameworkQueryableExtensions.ToDictionaryAsync[TSource,TKey,TElement](IQueryable`1 source, Func`2 keySelector, Func`2 elementSelector, IEqualityComparer`1 comparer, CancellationToken cancellationToken)
   at As400ScanPollingService.PollOnceAsync(IServiceScope scope, CancellationToken token) in C:\Users\logtran\OneDrive - Ashley Furniture Industries, Inc\1. Project\logtran\1. Project\CI Project\4.OrderTrackingWeb\Program.cs:line 4587
   at As400ScanPollingService.ExecuteAsync(CancellationToken stoppingToken) in C:\Users\logtran\OneDrive - Ashley Furniture Industries, Inc\1. Project\logtran\1. Project\CI Project\4.OrderTrackingWeb\Program.cs:line 4464
2026-07-27 00:52:25.311 +07:00 [ERR] Failed executing DbCommand (4ms) [Parameters=[@__odrnos_0='?' (Size = 3695)], CommandType='"Text"', CommandTimeout='30']
SELECT "m"."Id", "m"."ItemCode", "m"."ItemQty", "m"."LastUpdate", "m"."OdrNo", "m"."PartName", "m"."PartNameVN", "m"."PartOrder", "m"."PartQty"
FROM "MxDetails" AS "m"
WHERE "m"."OdrNo" IN (
    SELECT "o"."value"
    FROM json_each(@__odrnos_0) AS "o"
)
2026-07-27 00:52:25.436 +07:00 [ERR] An exception occurred while iterating over the results of a query for context type 'AppDbContext'.
Microsoft.Data.Sqlite.SqliteException (0x80004005): SQLite Error 1: 'no such column: m.PartNameVN'.
   at Microsoft.Data.Sqlite.SqliteException.ThrowExceptionForRC(Int32 rc, sqlite3 db)
   at Microsoft.Data.Sqlite.SqliteCommand.PrepareAndEnumerateStatements()+MoveNext()
   at Microsoft.Data.Sqlite.SqliteCommand.GetStatements()+MoveNext()
   at Microsoft.Data.Sqlite.SqliteDataReader.NextResult()
   at Microsoft.Data.Sqlite.SqliteCommand.ExecuteReader(CommandBehavior behavior)
   at Microsoft.Data.Sqlite.SqliteCommand.ExecuteDbDataReader(CommandBehavior behavior)
   at Microsoft.EntityFrameworkCore.Storage.RelationalCommand.ExecuteReader(RelationalCommandParameterObject parameterObject)
   at Microsoft.EntityFrameworkCore.Query.Internal.SingleQueryingEnumerable`1.Enumerator.InitializeReader(Enumerator enumerator)
   at Microsoft.EntityFrameworkCore.Query.Internal.SingleQueryingEnumerable`1.Enumerator.<>c.<MoveNext>b__21_0(DbContext _, Enumerator enumerator)
   at Microsoft.EntityFrameworkCore.Storage.NonRetryingExecutionStrategy.Execute[TState,TResult](TState state, Func`3 operation, Func`3 verifySucceeded)
   at Microsoft.EntityFrameworkCore.Query.Internal.SingleQueryingEnumerable`1.Enumerator.MoveNext()
Microsoft.Data.Sqlite.SqliteException (0x80004005): SQLite Error 1: 'no such column: m.PartNameVN'.
   at Microsoft.Data.Sqlite.SqliteException.ThrowExceptionForRC(Int32 rc, sqlite3 db)
   at Microsoft.Data.Sqlite.SqliteCommand.PrepareAndEnumerateStatements()+MoveNext()
   at Microsoft.Data.Sqlite.SqliteCommand.GetStatements()+MoveNext()
   at Microsoft.Data.Sqlite.SqliteDataReader.NextResult()
   at Microsoft.Data.Sqlite.SqliteCommand.ExecuteReader(CommandBehavior behavior)
   at Microsoft.Data.Sqlite.SqliteCommand.ExecuteDbDataReader(CommandBehavior behavior)
   at Microsoft.EntityFrameworkCore.Storage.RelationalCommand.ExecuteReader(RelationalCommandParameterObject parameterObject)
   at Microsoft.EntityFrameworkCore.Query.Internal.SingleQueryingEnumerable`1.Enumerator.InitializeReader(Enumerator enumerator)
   at Microsoft.EntityFrameworkCore.Query.Internal.SingleQueryingEnumerable`1.Enumerator.<>c.<MoveNext>b__21_0(DbContext _, Enumerator enumerator)
   at Microsoft.EntityFrameworkCore.Storage.NonRetryingExecutionStrategy.Execute[TState,TResult](TState state, Func`3 operation, Func`3 verifySucceeded)
   at Microsoft.EntityFrameworkCore.Query.Internal.SingleQueryingEnumerable`1.Enumerator.MoveNext()
2026-07-27 00:52:25.463 +07:00 [FTL] Unhandled exception - server is terminating
Microsoft.Data.Sqlite.SqliteException (0x80004005): SQLite Error 1: 'no such column: m.PartNameVN'.
   at Microsoft.Data.Sqlite.SqliteException.ThrowExceptionForRC(Int32 rc, sqlite3 db)
   at Microsoft.Data.Sqlite.SqliteCommand.PrepareAndEnumerateStatements()+MoveNext()
   at Microsoft.Data.Sqlite.SqliteCommand.GetStatements()+MoveNext()
   at Microsoft.Data.Sqlite.SqliteDataReader.NextResult()
   at Microsoft.Data.Sqlite.SqliteCommand.ExecuteReader(CommandBehavior behavior)
   at Microsoft.Data.Sqlite.SqliteCommand.ExecuteDbDataReader(CommandBehavior behavior)
   at Microsoft.EntityFrameworkCore.Storage.RelationalCommand.ExecuteReader(RelationalCommandParameterObject parameterObject)
   at Microsoft.EntityFrameworkCore.Query.Internal.SingleQueryingEnumerable`1.Enumerator.InitializeReader(Enumerator enumerator)
   at Microsoft.EntityFrameworkCore.Query.Internal.SingleQueryingEnumerable`1.Enumerator.<>c.<MoveNext>b__21_0(DbContext _, Enumerator enumerator)
   at Microsoft.EntityFrameworkCore.Storage.NonRetryingExecutionStrategy.Execute[TState,TResult](TState state, Func`3 operation, Func`3 verifySucceeded)
   at Microsoft.EntityFrameworkCore.Query.Internal.SingleQueryingEnumerable`1.Enumerator.MoveNext()
   at Microsoft.EntityFrameworkCore.Internal.InternalDbSet`1.RemoveRange(IEnumerable`1 entities)
   at Program.<>c__DisplayClass0_1.<<<Main>$>g__SyncRunKitAndMxDetails|5>d.MoveNext() in C:\Users\logtran\OneDrive - Ashley Furniture Industries, Inc\1. Project\logtran\1. Project\CI Project\4.OrderTrackingWeb\Program.cs:line 347
--- End of stack trace from previous location ---
   at Program.<Main>$(String[] args) in C:\Users\logtran\OneDrive - Ashley Furniture Industries, Inc\1. Project\logtran\1. Project\CI Project\4.OrderTrackingWeb\Program.cs:line 115
2026-07-27 01:07:10.083 +07:00 [ERR] An error occurred using the connection to database 'main' on server 'Data/OrderTracking.db'.
2026-07-27 01:07:10.116 +07:00 [ERR] Error while polling AS400 scan data
System.Threading.Tasks.TaskCanceledException: A task was canceled.
   at Microsoft.EntityFrameworkCore.Storage.RelationalConnection.OpenInternalAsync(Boolean errorsExpected, CancellationToken cancellationToken)
   at Microsoft.EntityFrameworkCore.Storage.RelationalConnection.OpenInternalAsync(Boolean errorsExpected, CancellationToken cancellationToken)
   at Microsoft.EntityFrameworkCore.Storage.RelationalConnection.OpenAsync(CancellationToken cancellationToken, Boolean errorsExpected)
   at Microsoft.EntityFrameworkCore.Storage.RelationalCommand.ExecuteReaderAsync(RelationalCommandParameterObject parameterObject, CancellationToken cancellationToken)
   at Microsoft.EntityFrameworkCore.Query.Internal.SingleQueryingEnumerable`1.AsyncEnumerator.InitializeReaderAsync(AsyncEnumerator enumerator, CancellationToken cancellationToken)
   at Microsoft.EntityFrameworkCore.Query.Internal.SingleQueryingEnumerable`1.AsyncEnumerator.MoveNextAsync()
   at Microsoft.EntityFrameworkCore.EntityFrameworkQueryableExtensions.ToDictionaryAsync[TSource,TKey,TElement](IQueryable`1 source, Func`2 keySelector, Func`2 elementSelector, IEqualityComparer`1 comparer, CancellationToken cancellationToken)
   at Microsoft.EntityFrameworkCore.EntityFrameworkQueryableExtensions.ToDictionaryAsync[TSource,TKey,TElement](IQueryable`1 source, Func`2 keySelector, Func`2 elementSelector, IEqualityComparer`1 comparer, CancellationToken cancellationToken)
   at As400ScanPollingService.PollOnceAsync(IServiceScope scope, CancellationToken token) in C:\Users\logtran\OneDrive - Ashley Furniture Industries, Inc\1. Project\logtran\1. Project\CI Project\4.OrderTrackingWeb\Program.cs:line 4533
   at As400ScanPollingService.ExecuteAsync(CancellationToken stoppingToken) in C:\Users\logtran\OneDrive - Ashley Furniture Industries, Inc\1. Project\logtran\1. Project\CI Project\4.OrderTrackingWeb\Program.cs:line 4410
2026-07-27 01:24:42.044 +07:00 [ERR] [AS400 Polling] Exception for WC UPGL4.
System.InvalidOperationException: The connection has been disabled.
 ---> System.Data.Odbc.OdbcException (0x80131937): ERROR [08S01] [IBM][System i Access ODBC Driver]Communication link failure. comm rc=8413 - CWBCO1054 - A user-specified time-out occurred while sending or receiving data
   --- End of inner exception stack trace ---
   at System.Data.Odbc.OdbcConnection.ConnectionIsAlive(Exception innerException)
   at System.Data.Odbc.OdbcConnection.HandleErrorNoThrow(OdbcHandle hrHandle, SQLRETURN retcode)
   at System.Data.Odbc.OdbcCommand.ExecuteReaderObject(CommandBehavior behavior, String method, Boolean needReader, Object[] methodArguments, SQL_API odbcApiMethod)
   at System.Data.Odbc.OdbcCommand.ExecuteDbDataReader(CommandBehavior behavior)
   at System.Data.Common.DbCommand.ExecuteDbDataReaderAsync(CommandBehavior behavior, CancellationToken cancellationToken)
--- End of stack trace from previous location ---
   at As400ScanPollingService.PollOnceAsync(IServiceScope scope, CancellationToken token) in C:\Users\logtran\OneDrive - Ashley Furniture Industries, Inc\1. Project\logtran\1. Project\CI Project\4.OrderTrackingWeb\Program.cs:line 4572
2026-07-27 01:33:24.799 +07:00 [ERR] [AS400 Polling] Exception for WC UBF05.
System.Threading.Tasks.TaskCanceledException: A task was canceled.
   at As400ScanPollingService.PollOnceAsync(IServiceScope scope, CancellationToken token) in C:\Users\logtran\OneDrive - Ashley Furniture Industries, Inc\1. Project\logtran\1. Project\CI Project\4.OrderTrackingWeb\Program.cs:line 4573
2026-07-27 07:26:19.166 +07:00 [ERR] [AS400 Polling] Exception for WC UCFCT.
System.InvalidOperationException: The connection has been disabled.
 ---> System.Data.Odbc.OdbcException (0x80131937): ERROR [08S01] [IBM][System i Access ODBC Driver]Communication link failure. comm rc=10053 - CWBCO1003 - Sockets error, function  returned 10053, WFVNPROD.ASHLEYFURNITURE.COM
   --- End of inner exception stack trace ---
   at System.Data.Odbc.OdbcConnection.ConnectionIsAlive(Exception innerException)
   at System.Data.Odbc.OdbcConnection.HandleErrorNoThrow(OdbcHandle hrHandle, SQLRETURN retcode)
   at System.Data.Odbc.OdbcCommand.ExecuteReaderObject(CommandBehavior behavior, String method, Boolean needReader, Object[] methodArguments, SQL_API odbcApiMethod)
   at System.Data.Odbc.OdbcCommand.ExecuteDbDataReader(CommandBehavior behavior)
   at System.Data.Common.DbCommand.ExecuteDbDataReaderAsync(CommandBehavior behavior, CancellationToken cancellationToken)
--- End of stack trace from previous location ---
   at As400ScanPollingService.PollOnceAsync(IServiceScope scope, CancellationToken token) in C:\Users\logtran\OneDrive - Ashley Furniture Industries, Inc\1. Project\logtran\1. Project\CI Project\4.OrderTrackingWeb\Program.cs:line 4572
2026-07-27 07:26:23.387 +07:00 [ERR] [AS400 Polling] Exception for WC UFGL2.
System.Data.Odbc.OdbcException (0x80131937): ERROR [08S01] [IBM][System i Access ODBC Driver]Communication link failure. comm rc=11001 - CWBCO1004 - Remote address could not be resolved
   at System.Data.ProviderBase.DbConnectionFactory.TryGetConnection(DbConnection owningConnection, TaskCompletionSource`1 retry, DbConnectionOptions userOptions, DbConnectionInternal oldConnection, DbConnectionInternal& connection)
   at System.Data.ProviderBase.DbConnectionInternal.TryOpenConnectionInternal(DbConnection outerConnection, DbConnectionFactory connectionFactory, TaskCompletionSource`1 retry, DbConnectionOptions userOptions)
   at System.Data.Odbc.OdbcConnection.Open()
   at System.Data.Common.DbConnection.OpenAsync(CancellationToken cancellationToken)
--- End of stack trace from previous location ---
   at As400ScanPollingService.PollOnceAsync(IServiceScope scope, CancellationToken token) in C:\Users\logtran\OneDrive - Ashley Furniture Industries, Inc\1. Project\logtran\1. Project\CI Project\4.OrderTrackingWeb\Program.cs:line 4557
2026-07-27 07:26:24.191 +07:00 [ERR] [AS400 Polling] Exception for WC UPGL2.
System.Data.Odbc.OdbcException (0x80131937): ERROR [08S01] [IBM][System i Access ODBC Driver]Communication link failure. comm rc=11001 - CWBCO1004 - Remote address could not be resolved
   at System.Data.ProviderBase.DbConnectionFactory.TryGetConnection(DbConnection owningConnection, TaskCompletionSource`1 retry, DbConnectionOptions userOptions, DbConnectionInternal oldConnection, DbConnectionInternal& connection)
   at System.Data.ProviderBase.DbConnectionInternal.TryOpenConnectionInternal(DbConnection outerConnection, DbConnectionFactory connectionFactory, TaskCompletionSource`1 retry, DbConnectionOptions userOptions)
   at System.Data.Odbc.OdbcConnection.Open()
   at System.Data.Common.DbConnection.OpenAsync(CancellationToken cancellationToken)
--- End of stack trace from previous location ---
   at As400ScanPollingService.PollOnceAsync(IServiceScope scope, CancellationToken token) in C:\Users\logtran\OneDrive - Ashley Furniture Industries, Inc\1. Project\logtran\1. Project\CI Project\4.OrderTrackingWeb\Program.cs:line 4557
2026-07-27 07:26:24.629 +07:00 [ERR] [AS400 Polling] Exception for WC UPGL6.
System.Data.Odbc.OdbcException (0x80131937): ERROR [08S01] [IBM][System i Access ODBC Driver]Communication link failure. comm rc=11001 - CWBCO1004 - Remote address could not be resolved
   at System.Data.ProviderBase.DbConnectionFactory.TryGetConnection(DbConnection owningConnection, TaskCompletionSource`1 retry, DbConnectionOptions userOptions, DbConnectionInternal oldConnection, DbConnectionInternal& connection)
   at System.Data.ProviderBase.DbConnectionInternal.TryOpenConnectionInternal(DbConnection outerConnection, DbConnectionFactory connectionFactory, TaskCompletionSource`1 retry, DbConnectionOptions userOptions)
   at System.Data.Odbc.OdbcConnection.Open()
   at System.Data.Common.DbConnection.OpenAsync(CancellationToken cancellationToken)
--- End of stack trace from previous location ---
   at As400ScanPollingService.PollOnceAsync(IServiceScope scope, CancellationToken token) in C:\Users\logtran\OneDrive - Ashley Furniture Industries, Inc\1. Project\logtran\1. Project\CI Project\4.OrderTrackingWeb\Program.cs:line 4557
2026-07-27 07:26:24.865 +07:00 [ERR] [AS400 Polling] Exception for WC WLGL2.
System.Data.Odbc.OdbcException (0x80131937): ERROR [08S01] [IBM][System i Access ODBC Driver]Communication link failure. comm rc=11001 - CWBCO1004 - Remote address could not be resolved
   at System.Data.ProviderBase.DbConnectionFactory.TryGetConnection(DbConnection owningConnection, TaskCompletionSource`1 retry, DbConnectionOptions userOptions, DbConnectionInternal oldConnection, DbConnectionInternal& connection)
   at System.Data.ProviderBase.DbConnectionInternal.TryOpenConnectionInternal(DbConnection outerConnection, DbConnectionFactory connectionFactory, TaskCompletionSource`1 retry, DbConnectionOptions userOptions)
   at System.Data.Odbc.OdbcConnection.Open()
   at System.Data.Common.DbConnection.OpenAsync(CancellationToken cancellationToken)
--- End of stack trace from previous location ---
   at As400ScanPollingService.PollOnceAsync(IServiceScope scope, CancellationToken token) in C:\Users\logtran\OneDrive - Ashley Furniture Industries, Inc\1. Project\logtran\1. Project\CI Project\4.OrderTrackingWeb\Program.cs:line 4557
2026-07-27 08:33:08.044 +07:00 [ERR] [AS400 Polling] Exception for WC UPGL3.
System.InvalidOperationException: The connection has been disabled.
 ---> System.Data.Odbc.OdbcException (0x80131937): ERROR [08S01] [IBM][System i Access ODBC Driver]Communication link failure. comm rc=10053 - CWBCO1003 - Sockets error, function  returned 10053, WFVNPROD.ASHLEYFURNITURE.COM
   --- End of inner exception stack trace ---
   at System.Data.Odbc.OdbcConnection.ConnectionIsAlive(Exception innerException)
   at System.Data.Odbc.OdbcConnection.HandleErrorNoThrow(OdbcHandle hrHandle, SQLRETURN retcode)
   at System.Data.Odbc.OdbcCommand.ExecuteReaderObject(CommandBehavior behavior, String method, Boolean needReader, Object[] methodArguments, SQL_API odbcApiMethod)
   at System.Data.Odbc.OdbcCommand.ExecuteDbDataReader(CommandBehavior behavior)
   at System.Data.Common.DbCommand.ExecuteDbDataReaderAsync(CommandBehavior behavior, CancellationToken cancellationToken)
--- End of stack trace from previous location ---
   at As400ScanPollingService.PollOnceAsync(IServiceScope scope, CancellationToken token) in C:\Users\logtran\OneDrive - Ashley Furniture Industries, Inc\1. Project\logtran\1. Project\CI Project\4.OrderTrackingWeb\Program.cs:line 4572
2026-07-27 08:33:12.245 +07:00 [ERR] [AS400 Polling] Exception for WC UPGL4.
System.Data.Odbc.OdbcException (0x80131937): ERROR [08S01] [IBM][System i Access ODBC Driver]Communication link failure. comm rc=11001 - CWBCO1004 - Remote address could not be resolved
   at System.Data.ProviderBase.DbConnectionFactory.TryGetConnection(DbConnection owningConnection, TaskCompletionSource`1 retry, DbConnectionOptions userOptions, DbConnectionInternal oldConnection, DbConnectionInternal& connection)
   at System.Data.ProviderBase.DbConnectionInternal.TryOpenConnectionInternal(DbConnection outerConnection, DbConnectionFactory connectionFactory, TaskCompletionSource`1 retry, DbConnectionOptions userOptions)
   at System.Data.Odbc.OdbcConnection.Open()
   at System.Data.Common.DbConnection.OpenAsync(CancellationToken cancellationToken)
--- End of stack trace from previous location ---
   at As400ScanPollingService.PollOnceAsync(IServiceScope scope, CancellationToken token) in C:\Users\logtran\OneDrive - Ashley Furniture Industries, Inc\1. Project\logtran\1. Project\CI Project\4.OrderTrackingWeb\Program.cs:line 4557
2026-07-27 08:45:44.432 +07:00 [ERR] [AS400 Polling] Exception for WC UCFCT.
System.Threading.Tasks.TaskCanceledException: A task was canceled.
   at As400ScanPollingService.PollOnceAsync(IServiceScope scope, CancellationToken token) in C:\Users\logtran\OneDrive - Ashley Furniture Industries, Inc\1. Project\logtran\1. Project\CI Project\4.OrderTrackingWeb\Program.cs:line 4573
2026-07-27 08:55:21.005 +07:00 [ERR] [AS400 Polling] Exception for WC UCFCO.
System.Threading.Tasks.TaskCanceledException: A task was canceled.
   at As400ScanPollingService.PollOnceAsync(IServiceScope scope, CancellationToken token) in C:\Users\logtran\OneDrive - Ashley Furniture Industries, Inc\1. Project\logtran\1. Project\CI Project\4.OrderTrackingWeb\Program.cs:line 4573
2026-07-27 09:35:28.920 +07:00 [ERR] [AS400 Polling] Exception for WC UCFCS.
System.Threading.Tasks.TaskCanceledException: A task was canceled.
   at As400ScanPollingService.PollOnceAsync(IServiceScope scope, CancellationToken token) in C:\Users\logtran\OneDrive - Ashley Furniture Industries, Inc\1. Project\logtran\1. Project\CI Project\4.OrderTrackingWeb\Program.cs:line 4621
2026-07-27 10:18:49.965 +07:00 [ERR] [AS400 Polling] Exception for WC UCFHM.
System.Threading.Tasks.TaskCanceledException: A task was canceled.
   at As400ScanPollingService.PollOnceAsync(IServiceScope scope, CancellationToken token) in C:\Users\logtran\OneDrive - Ashley Furniture Industries, Inc\1. Project\logtran\1. Project\CI Project\4.OrderTrackingWeb\Program.cs:line 4518
2026-07-27 11:04:46.936 +07:00 [ERR] [AS400 Polling] Exception for WC UBF04.
System.Threading.Tasks.TaskCanceledException: A task was canceled.
   at As400ScanPollingService.PollOnceAsync(IServiceScope scope, CancellationToken token) in C:\Users\logtran\OneDrive - Ashley Furniture Industries, Inc\1. Project\logtran\1. Project\CI Project\4.OrderTrackingWeb\Program.cs:line 4518
