2026-07-25 00:20:52.126 +07:00 [ERR] [AS400 Polling] Exception for WC UBF12.
System.Data.Odbc.OdbcException (0x80131937): ERROR [HYT00] [IBM][System i Access ODBC Driver]Connection login timed out.
   at System.Data.ProviderBase.DbConnectionFactory.TryGetConnection(DbConnection owningConnection, TaskCompletionSource`1 retry, DbConnectionOptions userOptions, DbConnectionInternal oldConnection, DbConnectionInternal& connection)
   at System.Data.ProviderBase.DbConnectionInternal.TryOpenConnectionInternal(DbConnection outerConnection, DbConnectionFactory connectionFactory, TaskCompletionSource`1 retry, DbConnectionOptions userOptions)
   at System.Data.Odbc.OdbcConnection.Open()
   at System.Data.Common.DbConnection.OpenAsync(CancellationToken cancellationToken)
--- End of stack trace from previous location ---
   at As400ScanPollingService.PollOnceAsync(IServiceScope scope, CancellationToken token) in C:\Users\logtran\OneDrive - Ashley Furniture Industries, Inc\1. Project\logtran\1. Project\CI Project\4.OrderTrackingWeb\Program.cs:line 4597
2026-07-25 00:21:07.370 +07:00 [ERR] [AS400 Polling] Exception for WC UBF13.
System.Data.Odbc.OdbcException (0x80131937): ERROR [HYT00] [IBM][System i Access ODBC Driver]Connection login timed out.
   at System.Data.ProviderBase.DbConnectionFactory.TryGetConnection(DbConnection owningConnection, TaskCompletionSource`1 retry, DbConnectionOptions userOptions, DbConnectionInternal oldConnection, DbConnectionInternal& connection)
   at System.Data.ProviderBase.DbConnectionInternal.TryOpenConnectionInternal(DbConnection outerConnection, DbConnectionFactory connectionFactory, TaskCompletionSource`1 retry, DbConnectionOptions userOptions)
   at System.Data.Odbc.OdbcConnection.Open()
   at System.Data.Common.DbConnection.OpenAsync(CancellationToken cancellationToken)
--- End of stack trace from previous location ---
   at As400ScanPollingService.PollOnceAsync(IServiceScope scope, CancellationToken token) in C:\Users\logtran\OneDrive - Ashley Furniture Industries, Inc\1. Project\logtran\1. Project\CI Project\4.OrderTrackingWeb\Program.cs:line 4597
2026-07-25 00:21:22.507 +07:00 [ERR] [AS400 Polling] Exception for WC UBF03.
System.Data.Odbc.OdbcException (0x80131937): ERROR [HYT00] [IBM][System i Access ODBC Driver]Connection login timed out.
   at System.Data.ProviderBase.DbConnectionFactory.TryGetConnection(DbConnection owningConnection, TaskCompletionSource`1 retry, DbConnectionOptions userOptions, DbConnectionInternal oldConnection, DbConnectionInternal& connection)
   at System.Data.ProviderBase.DbConnectionInternal.TryOpenConnectionInternal(DbConnection outerConnection, DbConnectionFactory connectionFactory, TaskCompletionSource`1 retry, DbConnectionOptions userOptions)
   at System.Data.Odbc.OdbcConnection.Open()
   at System.Data.Common.DbConnection.OpenAsync(CancellationToken cancellationToken)
--- End of stack trace from previous location ---
   at As400ScanPollingService.PollOnceAsync(IServiceScope scope, CancellationToken token) in C:\Users\logtran\OneDrive - Ashley Furniture Industries, Inc\1. Project\logtran\1. Project\CI Project\4.OrderTrackingWeb\Program.cs:line 4597
2026-07-25 00:26:31.570 +07:00 [ERR] [AS400 Polling] Exception for WC UBF06.
System.InvalidOperationException: The connection has been disabled.
 ---> System.Data.Odbc.OdbcException (0x80131937): ERROR [08S01] [IBM][System i Access ODBC Driver]Communication link failure. comm rc=8413 - CWBCO1054 - A user-specified time-out occurred while sending or receiving data
   --- End of inner exception stack trace ---
   at System.Data.Odbc.OdbcConnection.ConnectionIsAlive(Exception innerException)
   at System.Data.Odbc.OdbcConnection.HandleErrorNoThrow(OdbcHandle hrHandle, SQLRETURN retcode)
   at System.Data.Odbc.OdbcCommand.ExecuteReaderObject(CommandBehavior behavior, String method, Boolean needReader, Object[] methodArguments, SQL_API odbcApiMethod)
   at System.Data.Odbc.OdbcCommand.ExecuteDbDataReader(CommandBehavior behavior)
   at System.Data.Common.DbCommand.ExecuteDbDataReaderAsync(CommandBehavior behavior, CancellationToken cancellationToken)
--- End of stack trace from previous location ---
   at As400ScanPollingService.PollOnceAsync(IServiceScope scope, CancellationToken token) in C:\Users\logtran\OneDrive - Ashley Furniture Industries, Inc\1. Project\logtran\1. Project\CI Project\4.OrderTrackingWeb\Program.cs:line 4612
2026-07-25 00:26:46.723 +07:00 [ERR] [AS400 Polling] Exception for WC UCFCS.
System.Data.Odbc.OdbcException (0x80131937): ERROR [HYT00] [IBM][System i Access ODBC Driver]Connection login timed out.
   at System.Data.ProviderBase.DbConnectionFactory.TryGetConnection(DbConnection owningConnection, TaskCompletionSource`1 retry, DbConnectionOptions userOptions, DbConnectionInternal oldConnection, DbConnectionInternal& connection)
   at System.Data.ProviderBase.DbConnectionInternal.TryOpenConnectionInternal(DbConnection outerConnection, DbConnectionFactory connectionFactory, TaskCompletionSource`1 retry, DbConnectionOptions userOptions)
   at System.Data.Odbc.OdbcConnection.Open()
   at System.Data.Common.DbConnection.OpenAsync(CancellationToken cancellationToken)
--- End of stack trace from previous location ---
   at As400ScanPollingService.PollOnceAsync(IServiceScope scope, CancellationToken token) in C:\Users\logtran\OneDrive - Ashley Furniture Industries, Inc\1. Project\logtran\1. Project\CI Project\4.OrderTrackingWeb\Program.cs:line 4597
2026-07-25 00:37:58.006 +07:00 [ERR] [AS400 Polling] Exception for WC UPGL1.
System.Threading.Tasks.TaskCanceledException: A task was canceled.
   at As400ScanPollingService.PollOnceAsync(IServiceScope scope, CancellationToken token) in C:\Users\logtran\OneDrive - Ashley Furniture Industries, Inc\1. Project\logtran\1. Project\CI Project\4.OrderTrackingWeb\Program.cs:line 4613
2026-07-25 00:47:41.845 +07:00 [ERR] [AS400 Polling] Exception for WC UPHD1.
System.InvalidOperationException: The connection has been disabled.
 ---> System.Data.Odbc.OdbcException (0x80131937): ERROR [08S01] [IBM][System i Access ODBC Driver]Communication link failure. comm rc=8413 - CWBCO1054 - A user-specified time-out occurred while sending or receiving data
   --- End of inner exception stack trace ---
   at System.Data.Odbc.OdbcConnection.ConnectionIsAlive(Exception innerException)
   at System.Data.Odbc.OdbcConnection.HandleErrorNoThrow(OdbcHandle hrHandle, SQLRETURN retcode)
   at System.Data.Odbc.OdbcConnection.HandleError(OdbcHandle hrHandle, SQLRETURN retcode)
   at System.Data.Odbc.OdbcCommand.ExecuteReaderObject(CommandBehavior behavior, String method, Boolean needReader, Object[] methodArguments, SQL_API odbcApiMethod)
   at System.Data.Odbc.OdbcCommand.ExecuteReaderObject(CommandBehavior behavior, String method, Boolean needReader)
   at System.Data.Odbc.OdbcCommand.ExecuteReader(CommandBehavior behavior)
   at System.Data.Odbc.OdbcCommand.ExecuteDbDataReader(CommandBehavior behavior)
   at System.Data.Common.DbCommand.ExecuteDbDataReaderAsync(CommandBehavior behavior, CancellationToken cancellationToken)
--- End of stack trace from previous location ---
   at As400ScanPollingService.PollOnceAsync(IServiceScope scope, CancellationToken token) in C:\Users\logtran\OneDrive - Ashley Furniture Industries, Inc\1. Project\logtran\1. Project\CI Project\4.OrderTrackingWeb\Program.cs:line 4612
2026-07-25 07:26:10.823 +07:00 [ERR] [AS400 Polling] Error reading schedule files.
System.IO.IOException: The network location cannot be reached. For information about network troubleshooting, see Windows Help. : 'V:\UPH Support\Public\B2\Data\nhung\LEADTIME B2\LEADTIME UPH SUPPORT'
   at System.IO.Enumeration.FileSystemEnumerator`1.Init()
   at System.IO.Enumeration.FileSystemEnumerableFactory.UserFiles(String directory, String expression, EnumerationOptions options)
   at System.IO.Directory.InternalEnumeratePaths(String path, String searchPattern, SearchTarget searchTarget, EnumerationOptions options)
   at System.IO.Directory.GetFiles(String path, String searchPattern, EnumerationOptions enumerationOptions)
   at FileHelpers.FindLatestScheduleFile(DateTime targetDate, String schedulePath) in C:\Users\logtran\OneDrive - Ashley Furniture Industries, Inc\1. Project\logtran\1. Project\CI Project\4.OrderTrackingWeb\Program.cs:line 4797
   at As400ScanPollingService.PollOnceAsync(IServiceScope scope, CancellationToken token) in C:\Users\logtran\OneDrive - Ashley Furniture Industries, Inc\1. Project\logtran\1. Project\CI Project\4.OrderTrackingWeb\Program.cs:line 4481
